objectionary/string.eo
objectionary/true.eo
objectionary/pi.eo
objectionary/malloc.eo
objectionary/win32.eo
objectionary/switch.eo
objectionary/eol.eo
objectionary/i64.eo
objectionary/u64.eo
objectionary/chunk.eo
objectionary/range.eo
objectionary/uri.eo
objectionary/directory/listed.eo
objectionary/directory/deleted.eo
objectionary/directory/made.eo
objectionary/directory/open.eo
objectionary/u32.eo
objectionary/number.eo
objectionary/stdin.eo
objectionary/tuple.eo
objectionary/i32.eo
objectionary/nop.eo
objectionary/false.eo
objectionary/bytes.eo
objectionary/bool.eo
objectionary/input/length.eo
objectionary/input/tee.eo
objectionary/input/dead.eo
objectionary/input/as-bytes.eo
objectionary/input/copied.eo
objectionary/output/dead.eo
objectionary/dataized.eo
objectionary/i8.eo
objectionary/u8.eo
objectionary/input.eo
objectionary/console.eo
objectionary/path.eo
objectionary/socket.eo
objectionary/u16.eo
objectionary/output.eo
objectionary/e.eo
objectionary/stdout.eo
objectionary/seq.eo
objectionary/file/deleted.eo
objectionary/file/moved.eo
objectionary/file/size.eo
objectionary/file/touched.eo
objectionary/os.eo
objectionary/i64/div.eo
objectionary/pinf.eo
objectionary/file.eo
objectionary/posix.eo
objectionary/set.eo
objectionary/clock.eo
objectionary/tuple/without.eo
objectionary/tuple/contains.eo
objectionary/tuple/last-index-of.eo
objectionary/tuple/back.eo
objectionary/tuple/reducedi.eo
objectionary/tuple/front.eo
objectionary/tuple/minimum.eo
objectionary/tuple/withi.eo
objectionary/tuple/maximum.eo
objectionary/tuple/eachi.eo
objectionary/tuple/mappedi.eo
objectionary/tuple/reduced.eo
objectionary/tuple/filtered.eo
objectionary/tuple/each.eo
objectionary/tuple/concat.eo
objectionary/tuple/shifted.eo
objectionary/tuple/index-of.eo
objectionary/tuple/reversed.eo
objectionary/tuple/slice.eo
objectionary/tuple/withouti.eo
objectionary/tuple/mapped.eo
objectionary/tuple/is-empty.eo
objectionary/tuple/filteredi.eo
objectionary/number/lt.eo
objectionary/number/floor.eo
objectionary/number/power.eo
objectionary/number/arc-cosine.eo
objectionary/number/sqrt.eo
objectionary/number/degrees.eo
objectionary/number/ln.eo
objectionary/number/minus.eo
objectionary/number/mod.eo
objectionary/number/integral.eo
objectionary/number/cosine.eo
objectionary/number/gte.eo
objectionary/number/neg.eo
objectionary/number/arc-sine.eo
objectionary/number/random.eo
objectionary/number/eq.eo
objectionary/number/sine.eo
objectionary/number/abs.eo
objectionary/number/exp.eo
objectionary/number/as-i64.eo
objectionary/number/as-char.eo
objectionary/number/lte.eo
objectionary/number/is-integer.eo
objectionary/number/radians.eo
objectionary/number/as-decimal.eo
objectionary/number/is-finite.eo
objectionary/number/as-fixed.eo
objectionary/number/as-scientific.eo
objectionary/number/is-nan.eo
objectionary/bytes/as-i32.eo
objectionary/bytes/as-u32.eo
objectionary/bytes/array.eo
objectionary/bytes/as-i8.eo
objectionary/bytes/as-number.eo
objectionary/bytes/xor.eo
objectionary/bytes/as-bytes.eo
objectionary/bytes/hash.eo
objectionary/bytes/as-u64.eo
objectionary/bytes/as-i64.eo
objectionary/bytes/as-hex.eo
objectionary/bytes/as-bool.eo
objectionary/bytes/left.eo
objectionary/bytes/as-i16.eo
objectionary/bytes/as-u8.eo
objectionary/bytes/as-u16.eo
objectionary/bytes/as-input.eo
objectionary/buffer.eo
objectionary/map.eo
objectionary/range/naturals.eo
objectionary/string/as-ascii.eo
objectionary/string/nsplit.eo
objectionary/string/split.eo
objectionary/string/trimmed-right.eo
objectionary/string/padded-right.eo
objectionary/string/contains.eo
objectionary/string/is-alphanumeric.eo
objectionary/string/length.eo
objectionary/string/last-index-of.eo
objectionary/string/turkish.eo
objectionary/string/replaced.eo
objectionary/string/truncated.eo
objectionary/string/printf.eo
objectionary/string/contains-any.eo
objectionary/string/as-number.eo
objectionary/string/padded-left.eo
objectionary/string/padded-zeros.eo
objectionary/string/chained.eo
objectionary/string/is-digit.eo
objectionary/string/starts-with.eo
objectionary/string/at.eo
objectionary/string/upper.eo
objectionary/string/lower.eo
objectionary/string/index-of.eo
objectionary/string/contains-all.eo
objectionary/string/slice.eo
objectionary/string/trimmed-left.eo
objectionary/string/joined.eo
objectionary/string/is-ascii.eo
objectionary/string/trimmed.eo
objectionary/string/scanf.eo
objectionary/string/is-alpha.eo
objectionary/string/english.eo
objectionary/string/repeated.eo
objectionary/string/regex.eo
objectionary/string/ends-with.eo
objectionary/ninf.eo
objectionary/mktemp.eo
objectionary/u64/div.eo
objectionary/nan.eo
objectionary/while.eo
objectionary/i16.eo
objectionary/stderr.eo
objectionary/chunk/to-output.eo
objectionary/recovered.eo
objectionary/getenv.eo
objectionary/directory.eo
