objectionary/tuple.eo
objectionary/malloc.eo
objectionary/seq.eo
objectionary/ss/eachi.eo
objectionary/ss/withouti.eo
objectionary/ss/filtered.eo
objectionary/ss/range.eo
objectionary/ss/reducedi.eo
objectionary/ss/filteredi.eo
objectionary/ss/reduced.eo
objectionary/ss/mapped.eo
objectionary/ss/range-of-numbers.eo
objectionary/ss/list.eo
objectionary/ss/hash-code-of.eo
objectionary/ss/contains.eo
objectionary/ss/mappedi.eo
objectionary/ss/map.eo
objectionary/ss/index-of.eo
objectionary/ss/last-index-of.eo
objectionary/ss/bytes-as-array.eo
objectionary/ss/set.eo
objectionary/fs/path.eo
objectionary/fs/tmpdir.eo
objectionary/fs/dir.eo
objectionary/fs/file.eo
objectionary/tt/low-cased.eo
objectionary/tt/nsplit.eo
objectionary/tt/starts-with.eo
objectionary/tt/ends-with.eo
objectionary/tt/trimmed.eo
objectionary/tt/is-alphanumeric.eo
objectionary/tt/at.eo
objectionary/tt/trimmed-right.eo
objectionary/tt/contains-any.eo
objectionary/tt/as-ascii.eo
objectionary/tt/is-alpha.eo
objectionary/tt/trimmed-left.eo
objectionary/tt/as-number.eo
objectionary/tt/is-ascii.eo
objectionary/tt/regex.eo
objectionary/tt/repeated.eo
objectionary/tt/contains-all.eo
objectionary/tt/contains.eo
objectionary/tt/is-digit.eo
objectionary/tt/joined.eo
objectionary/tt/split.eo
objectionary/tt/replaced.eo
objectionary/tt/index-of.eo
objectionary/tt/last-index-of.eo
objectionary/tt/chained.eo
objectionary/tt/slice.eo
objectionary/tt/string-buffer.eo
objectionary/tt/sscanf.eo
objectionary/tt/up-cased.eo
objectionary/tt/sprintf.eo
objectionary/error.eo
objectionary/i64.eo
objectionary/bool.eo
objectionary/number.eo
objectionary/i16.eo
objectionary/while.eo
objectionary/sm/system-clock.eo
objectionary/sm/getenv.eo
objectionary/sm/os.eo
objectionary/sm/posix.eo
objectionary/sm/win32.eo
objectionary/sm/eol.eo
objectionary/io/malloc-as-output.eo
objectionary/io/tee-input.eo
objectionary/io/input-as-bytes.eo
objectionary/io/bytes-as-input.eo
objectionary/io/copied.eo
objectionary/io/stdin.eo
objectionary/io/dead-output.eo
objectionary/io/stdout.eo
objectionary/io/dead-input.eo
objectionary/io/input-length.eo
objectionary/io/console.eo
objectionary/bytes.eo
objectionary/nk/socket.eo
objectionary/go.eo
objectionary/ms/sqrt.eo
objectionary/ms/angle.eo
objectionary/ms/e.eo
objectionary/ms/numbers.eo
objectionary/ms/acos.eo
objectionary/ms/integral.eo
objectionary/ms/real.eo
objectionary/ms/random.eo
objectionary/ms/exp.eo
objectionary/ms/asin.eo
objectionary/ms/mod.eo
objectionary/ms/ln.eo
objectionary/ms/pow.eo
objectionary/ms/pi.eo
objectionary/ms/abs.eo
objectionary/pinf.eo
objectionary/string.eo
objectionary/nan.eo
objectionary/try.eo
objectionary/cti.eo
objectionary/switch.eo
objectionary/i32.eo
objectionary/nop.eo
objectionary/true.eo
objectionary/ninf.eo
objectionary/dataized.eo
objectionary/false.eo
